[index-2.html]
[wp-content/cache/min/1/4aca9ff805bd3473665d6fd43b1667e0.css]
[backblue.gif]
[fade.gif]
[index.html]
[wp-content/uploads/2023/04/supported-by.png]
[wp-content/plugins/woocommerce/assets/css/woocommerce-smallscreen117a.css]
[wp-content/plugins/cookie-law-info/lite/frontend/js/script.minee9a.js]
[feed/index.html]
[comments/feed/index.html]
[wp-includes/js/jquery/jquery.minf43b.js]
[wp-includes/js/jquery/jquery-migrate.min5589.js]
[wp-content/plugins/woocommerce/assets/js/jquery-blockui/jquery.blockUI.min71e5.js]
[wp-content/plugins/woocommerce/assets/js/frontend/add-to-cart.min117a.js]
[wp-content/plugins/woocommerce/assets/js/js-cookie/js.cookie.min52f2.js]
[wp-content/plugins/woocommerce/assets/js/frontend/woocommerce.min117a.js]
[wp-content/themes/hello-theme-child-master/js/custome63c.js]
[wp-json/wp/v2/pages/60.json]
[wp-json/index.html]
[xmlrpc0db0.php]
[li.lms-analytics/insight.min.js]
[wp-content/uploads/2023/04/Atlan-favicon-32.png]
[wp-content/uploads/2023/04/logo.svg]
[wp-content/uploads/2023/04/national-logo.png]
[mapping-surveying-drone-artificial-intelligence-cameras-sensors/index.html]
[atlan-insight/index.html]
[atlan-core/index.html]
[land-surveying-and-gis-using-drones-aerial-mapping-post-processing-outputs/index.html]
[surface-open-pit-mining-exploration-drone/index.html]
[wp-content/uploads/2023/04/microsoft.png]
[wp-content/uploads/2023/04/nvidia.png]
[wp-content/uploads/2023/04/united.png]
[ocean-monitoring/index.html]
[wp-content/uploads/2023/04/katapult-ocean-logo.png]
[environment-humanitarian/index.html]
[smart-agriculture-drone-precision-farming/index.html]
[infrastructuure-and-disaster-assessement/index.html]
[about-atlan-space/index.html]
[wp-content/uploads/2023/04/Tamwilcom-logo.png]
[wp-content/uploads/2023/04/left-quote.svg]
[wp-content/uploads/2023/04/client.png]
[wp-content/uploads/2023/04/mnf_bn_bn-2.png]
[wp-content/uploads/2023/04/ariplne.png]
[wp-content/uploads/2023/04/insight.png]
[wp-content/uploads/2023/04/csoon.png]
[wp-content/uploads/2023/04/plane-core.png]
[wp-content/uploads/2023/04/core-value-img.svg]
[wp-content/uploads/2023/04/green-img.png]
[wp-content/uploads/2023/04/Infrastructure.png]
[wp-content/uploads/2023/04/land-surveying.png]
[wp-content/uploads/2023/04/construction.png]
[wp-content/uploads/2023/04/oil.png]
[mining-constructions/index.html]
[wp-content/uploads/2023/04/environment.png]
[wp-content/uploads/2023/04/cargo.png]
[wp-content/uploads/2023/04/ocean.png]
[wp-content/uploads/2023/04/nvidia-logo-text.png]
[wp-content/uploads/2023/04/african-logo.png]
[wp-content/uploads/2023/04/removebg-preview.png]
[wp-content/uploads/2023/04/marine-logo.png]
[wp-content/uploads/2023/04/reuters.png]
[privacy-policy/index.html]
[wp-content/uploads/2023/04/un-logo.png]
[wp-content/uploads/2023/04/che.png]
[wp-content/uploads/2023/04/can.png]
[wp-content/uploads/2023/04/blog-3.png]
[wp-content/uploads/2023/04/blog-2.png]
[wp-content/uploads/2023/04/blog-1.png]
[multi-base-rtkppk/index.html]
[wp-content/plugins/email-subscribers/lite/public/images/spinner.gif]
[le-drone-atlan-geo/index.html]
[wp-content/uploads/2023/04/footer-logo.svg]
[privacy-policy.html]
[atlan-geo/index.html]
[warranty/index.html]
[wp-content/plugins/contact-form-7/includes/swv/js/index7404.js]
[wp-content/plugins/contact-form-7/includes/js/index7404.js]
[wp-content/plugins/email-subscribers/lite/public/js/email-subscribers-publice997.js]
[wp-content/plugins/page-scroll-to-id/js/page-scroll-to-id.min97e9.js]
[wp-content/plugins/woocommerce/assets/js/sourcebuster/sourcebuster.min117a.js]
[wp-content/plugins/woocommerce/assets/js/frontend/order-attribution.min117a.js]
[wp-content/themes/hello-theme-child-master/js/owl.carousel.js]
[wp-content/themes/hello-theme-child-master/js/slick.min.js]
[wp-content/themes/hello-elementor/assets/js/hello-frontend.min41fe.js]
[wp-content/plugins/wp-smushit/app/assets/js/smush-lazy-load.min6b60.js]
[wp-content/plugins/header-footer-elementor/inc/js/frontend942d.js]
[wp-content/plugins/pro-elements/assets/js/webpack-pro.runtime.mince54.js]
[wp-content/plugins/elementor/assets/js/webpack.runtime.min1f75.js]
[wp-content/plugins/elementor/assets/js/frontend-modules.min1f75.js]
[wp-includes/js/dist/vendor/wp-polyfill-inert.min0226.js]
[wp-includes/js/dist/vendor/regenerator-runtime.min6c85.js]
[wp-includes/js/dist/vendor/wp-polyfill.min2c7c.js]
[wp-includes/js/dist/hooks.min2757.js]
[wp-includes/js/dist/i18n.minc33c.js]
[wp-content/plugins/pro-elements/assets/js/frontend.mince54.js]
[wp-content/plugins/elementor/assets/lib/waypoints/waypoints.min05da.js]
[wp-includes/js/jquery/ui/core.min3f14.js]
[wp-content/plugins/elementor/assets/js/frontend.min1f75.js]
[wp-content/plugins/pro-elements/assets/js/elements-handlers.mince54.js]
[wp-content/plugins/pro-elements/assets/lib/sticky/jquery.sticky.mince54.js]
[wp-includes/js/underscore.mind584.js]
[wp-includes/js/wp-util.mine63c.js]
[wp-content/plugins/wpforms-lite/assets/js/integrations/elementor/frontend.min5068.js]
[index-2.html]
[wp-content/plugins/woocommerce/assets/fonts/star.eot]
[wp-content/plugins/woocommerce/assets/fonts/stard41d.eot]
[wp-content/plugins/woocommerce/assets/fonts/star.woff]
[wp-content/plugins/woocommerce/assets/fonts/star.ttf]
[wp-content/plugins/woocommerce/assets/fonts/star.svg]
[wp-content/plugins/woocommerce/assets/fonts/WooCommerce.eot]
[wp-content/plugins/woocommerce/assets/fonts/WooCommerced41d.eot]
[wp-content/plugins/woocommerce/assets/fonts/WooCommerce.woff]
[wp-content/plugins/woocommerce/assets/images/icons/loader.svg]
[wp-content/plugins/woocommerce/assets/images/icons/credit-cards/visa.svg]
[wp-content/plugins/woocommerce/assets/images/icons/credit-cards/mastercard.svg]
[wp-content/plugins/woocommerce/assets/images/icons/credit-cards/laser.svg]
[wp-content/plugins/woocommerce/assets/images/icons/credit-cards/diners.svg]
[wp-content/plugins/woocommerce/assets/images/icons/credit-cards/maestro.svg]
[wp-content/plugins/woocommerce/assets/images/icons/credit-cards/jcb.svg]
[wp-content/plugins/woocommerce/assets/images/icons/credit-cards/amex.svg]
[wp-content/plugins/woocommerce/assets/images/icons/credit-cards/discover.svg]
[wp-content/cache/min/1/4aca9ff805bd3473665d6fd43b1667e0.css]
[xmlrpc.php]
[wp-content/plugins/woocommerce/assets/css/woocommerce-smallscreen117a.css]
[gtm5445.html]
[wp-content/uploads/2023/04/logo.svg]
[wp-content/uploads/2023/04/our_value_bg.png]
[wp-content/cache/min/1/86435b40716fea651a3c8f9590390153.css]
[wp-content/uploads/2023/05/wdp-1.png]
[wp-json/wp/v2/pages/452.json]
[wp-content/uploads/2023/04/fight.png]
[wp-content/uploads/2023/04/unit-img.png]
[wp-content/uploads/2023/04/leptop-form.png]
[wp-content/uploads/2023/04/ai-img.png]
[wp-content/uploads/2023/04/higher-img.png]
[wp-content/uploads/2023/04/e-con.png]
[wp-content/uploads/2023/04/down-icon.png]
[wp-content/uploads/2023/04/Allied-Vision-Alvium-1800-U.png]
[wp-content/uploads/2023/04/MicaSense-Altum-PT.png]
[wp-content/uploads/2023/04/PhaseOne-iXM-RS150F.png]
[wp-content/uploads/2023/04/gps-right.png]
[wp-content/uploads/2023/04/comboo_1.png]
[wp-content/uploads/2023/04/intro-video.mp4]
[wp-content/uploads/2023/04/comboo_2.png]
[wp-content/uploads/2023/04/construction_white.png]
[wp-content/uploads/2023/04/land-surveying-1.png]
[wp-content/uploads/2023/04/data-science.png]
[wp-content/uploads/2023/04/construction-1.png]
[wp-content/uploads/2023/04/Infrastructure-1.png]
[wp-content/uploads/2023/04/mining.png]
[wp-content/uploads/2023/04/green-img-1.png]
[wp-content/uploads/2023/04/farming.png]
[wp-content/uploads/2023/04/covver-of-white-paper-1.png]
[wp-content/uploads/2023/04/Mask-group-1.png]
[wp-content/plugins/elementor/assets/lib/jquery-numerator/jquery-numerator.min3958.js]
[mapping-surveying-drone-artificial-intelligence-cameras-sensors/index.html]
[wp-content/cache/min/1/099fa0a75e782786f58985b39bdf037d.css]
[wp-json/wp/v2/pages/919.json]
[wp-content/uploads/2023/04/fishing.png]
[wp-content/uploads/2023/04/detection.png]
[wp-content/uploads/2023/04/report.png]
[wp-content/uploads/2023/04/oil-1.png]
[wp-content/uploads/2023/04/ocean-search.png]
[wp-content/uploads/2023/04/offshore.png]
[wp-content/uploads/2023/04/review.png]
[wp-content/uploads/2023/04/review-white.svg]
[wp-content/uploads/2023/04/reute.png]
[wp-content/uploads/2023/04/cm-logo.svg]
[wp-content/uploads/2023/04/overcome.png]
[wp-content/uploads/2023/04/optimize.png]
[wp-content/uploads/2023/04/comply-1.png]
[wp-content/uploads/2023/04/protection.svg]
[wp-content/uploads/2023/04/fly_box.gif]
[wp-content/uploads/2023/04/precision.svg]
[wp-content/uploads/2023/04/security.svg]
[wp-content/uploads/2023/04/awareness.svg]
[wp-content/uploads/2023/04/swarm.svg]
[wp-content/uploads/2023/04/coverage.svg]
[atlan-insight/index.html]
[wp-content/cache/min/1/42773dc92cfc35bf4fed771a02c829fb.css]
[wp-json/wp/v2/pages/763.json]
[atlan-core/index.html]
[wp-content/uploads/2023/04/atlan_core_integrations.png]
[wp-content/cache/min/1/d543e7df8bbc77e70b5c0a56e951c227.css]
[wp-content/uploads/2023/04/Orthomosaic.png]
[wp-json/wp/v2/pages/1126.json]
[wp-content/uploads/2023/04/3d-point-cloud.png]
[wp-content/uploads/2023/04/Contour-lines.png]
[wp-content/uploads/2023/04/Cadastral-map.png]
[wp-content/uploads/2023/04/DEM.png]
[land-surveying-and-gis-using-drones-aerial-mapping-post-processing-outputs/index.html]
[wp-content/uploads/2023/04/image-50-2.png]
[wp-content/uploads/2023/05/wdp-2.png]
[wp-content/uploads/2023/04/3d-Textured-mesh.png]
[wp-content/cache/min/1/5bfa1f195c8b8f67fa769b32a69f7160.css]
[surface-open-pit-mining-exploration-drone/index.html]
[wp-content/uploads/2023/04/Banner-Mining-page-1.jpg]
[wp-json/wp/v2/pages/1209.json]
[wp-content/cache/min/1/3bbf6b758d6b2881d0e008ef8e0b0e57.css]
[ocean-monitoring/index.html]
[wp-json/wp/v2/pages/1484.json]
[wp-content/cache/min/1/11d2a54040e2454d43fdd82931d66c87.css]
[infrastructuure-and-disaster-assessement/index.html]
[wp-json/wp/v2/pages/2014.json]
[wp-content/cache/min/1/459a923ad3e6132bc9dd90361cfa9fcd.css]
[wp-json/wp/v2/pages/2150.json]
[smart-agriculture-drone-precision-farming/index.html]
[wp-content/cache/min/1/2a7f12f17bcb1370d4ce7e3c06c71a07.css]
[wp-content/uploads/2023/07/3.png]
[wp-json/wp/v2/pages/2231.json]
[wp-content/uploads/2023/07/1.png]
[wp-content/uploads/2023/07/2.png]
[wp-content/uploads/2023/07/4.png]
[wp-content/uploads/2023/07/5.png]
[environment-humanitarian/index.html]
[wp-content/uploads/2023/07/6.png]
[wp-content/cache/min/1/b06005627e0ea3ed8961f216812794b9.css]
[wp-json/wp/v2/pages/870.json]
[wp-content/uploads/2023/04/satellite.svg]
[wp-content/uploads/2023/04/image-21.png]
[wp-content/uploads/2023/04/search.svg]
[about-atlan-space/index.html]
[wp-content/uploads/2023/04/left-quote.svg]
[wp-content/uploads/2023/04/core-value-img.svg]
[land-surveying-and-gis/index.html]
[mining-constructions/index.html]
[wp-content/uploads/2023/04/Mask-group-2.png]
[wp-content/cache/min/1/e2f8a767afbb193bc695c2681d6b3555.css]
[wp-json/wp/v2/pages/1431.json]
[privacy-policy/index.html]
[wp-content/cache/min/1/0a7e096ed85cd10f1129e1185ed6ce16.css]
[wp-json/wp/v2/posts/325.json]
[le-drone-atlan-geo/index.html]
[wp-json/wp/v2/posts/322.json]
[multi-base-rtkppk/index.html]
[wp-content/uploads/2023/04/footer-logo.svg]
[atlan-geo/index.html]
[wp-content/cache/min/1/06ba8f7e1d8a7940aeda0cc9ef8db105.css]
[warranty/index.html]
[privacy-policy.html]
[25215748.json]
[wp-content/plugins/woocommerce/assets/fonts/star.svg]
[wp-json/wp/v2/pages/1479.json]
[wp-content/plugins/woocommerce/assets/images/icons/loader.svg]
[wp-content/plugins/woocommerce/assets/images/icons/credit-cards/visa.svg]
[wp-content/plugins/woocommerce/assets/images/icons/credit-cards/mastercard.svg]
[wp-content/plugins/woocommerce/assets/images/icons/credit-cards/laser.svg]
[wp-content/plugins/woocommerce/assets/images/icons/credit-cards/diners.svg]
[wp-content/plugins/woocommerce/assets/images/icons/credit-cards/maestro.svg]
[wp-content/plugins/woocommerce/assets/images/icons/credit-cards/jcb.svg]
[wp-content/plugins/woocommerce/assets/images/icons/credit-cards/amex.svg]
[wp-content/plugins/woocommerce/assets/images/icons/credit-cards/discover.svg]
[wp-content/plugins/woocommerce/assets/fonts/WooCommerce.ttf]
[wp-content/cache/min/1/86435b40716fea651a3c8f9590390153.css]
[index20a4.html]
[wp-content/plugins/woocommerce/assets/fonts/WooCommerce.svg]
[wp-content/uploads/2023/04/atlan_geo_header_bg.png]
[wp-content/cache/min/1/099fa0a75e782786f58985b39bdf037d.css]
[index6f5e.html]
[wp-content/uploads/2023/04/review-white.svg]
[wp-content/uploads/2023/04/cm-logo.svg]
[wp-content/uploads/2023/04/protection.svg]
[wp-content/uploads/2023/04/precision.svg]
[wp-content/uploads/2023/04/security.svg]
[wp-content/uploads/2023/04/awareness.svg]
[wp-content/uploads/2023/04/swarm.svg]
[wp-content/uploads/2023/04/coverage.svg]
[wp-content/cache/min/1/42773dc92cfc35bf4fed771a02c829fb.css]
[indexa2f3.html]
[wp-content/uploads/2023/06/AS-e1687771378787.png]
[wp-content/cache/min/1/d543e7df8bbc77e70b5c0a56e951c227.css]
[index55d9.html]
[wp-content/cache/min/1/5bfa1f195c8b8f67fa769b32a69f7160.css]
[index80fa.html]
[wp-content/cache/min/1/3bbf6b758d6b2881d0e008ef8e0b0e57.css]
[index68ab.html]
[wp-content/uploads/2023/04/atlan_core_header_bg.jpg]
[wp-content/uploads/2023/04/Banner-Land-Survey-GIS-1.jpg]
[wp-content/uploads/2023/04/banner-ocean-monitoring-1-scaled.jpg]
[wp-content/cache/min/1/11d2a54040e2454d43fdd82931d66c87.css]
[index8a56.html]
[wp-content/cache/min/1/459a923ad3e6132bc9dd90361cfa9fcd.css]
[index4be5.html]
[wp-content/uploads/2023/05/bridge-inspection-by-drone-1-e1684322684314.png]
[wp-content/cache/min/1/2a7f12f17bcb1370d4ce7e3c06c71a07.css]
[indexba06.html]
[wp-content/uploads/2023/07/icons-1.png]
[wp-content/cache/min/1/b06005627e0ea3ed8961f216812794b9.css]
[index9af7.html]
[wp-content/uploads/2023/04/satellite.svg]
[wp-content/uploads/2023/04/search.svg]
[wp-content/cache/min/1/e2f8a767afbb193bc695c2681d6b3555.css]
[indexfd2c.html]
[wp-content/uploads/2023/07/icons-3.png]
[wp-content/uploads/2023/04/about_us_title.png]
[wp-content/uploads/2023/04/atlan_geo_header_bg-1.png]
[wp-content/themes/hello-theme-child-master/css/owl.video.play.png]
[wp-content/themes/hello-theme-child-master/ajax-loader.gif]
[wp-content/themes/hello-theme-child-master/fonts/slick.eot]
[wp-content/themes/hello-theme-child-master/fonts/slickd41d.eot]
[wp-content/themes/hello-theme-child-master/fonts/slick.woff]
[wp-content/themes/hello-theme-child-master/fonts/slick.ttf]
[wp-content/themes/hello-theme-child-master/fonts/slick.svg]
[wp-content/cache/min/1/0a7e096ed85cd10f1129e1185ed6ce16.css]
[indexf175.html]
[indexeffc.html]
[wp-content/uploads/2023/04/popup-bg-rectangle.png]
[wp-content/cache/min/1/06ba8f7e1d8a7940aeda0cc9ef8db105.css]
[index2f99.html]
[wp-content/plugins/woocommerce/assets/fonts/WooCommerce.svg]
[wp-content/themes/hello-theme-child-master/css/owl.video.play.html]
[wp-content/themes/hello-theme-child-master/ajax-loader.html]
[wp-content/themes/hello-theme-child-master/fonts/slick.html]
[wp-content/themes/hello-theme-child-master/fonts/slickd41d.html]
[wp-content/themes/hello-theme-child-master/fonts/slick-2.html]
[wp-content/themes/hello-theme-child-master/fonts/slick-3.html]
[wp-content/themes/hello-theme-child-master/fonts/slick-4.html]
